abs.c
add int to bool.c
bool include.c
bool to int.c
comp lit zero compare and assign.c
empty array decl.c
enum in func.c
float div literal.c
for init.c
func arg.c
func ptr.c
function decl.c
function forward decl 2.c
if int eq.c
if not int.c
literal statement.c
main no args.c
main with args.c
negative ushort.c
panic.c
rename decl func.c
stdbool override.c
stdint const override.c
stdlib forward decl.c
string literal ternary.c
typedef alias.c
typedef bool.c
undef malloc.c
unnamed struct var.c
unused vars.c
use incomplete type.c
varargs.c
wstring to wchar ptr.c
