abs.c
add int to bool.c
bool include.c
bool to int.c
comp lit zero compare and assign.c
double negate.c
empty array decl.c
enum in func.c
float div literal.c
for init multiple.c
for init.c
func arg.c
func ptr.c
function decl.c
function forward decl 2.c
if bool eq int 0.c
if bool neq int 0.c
if int eq.c
if int.c
if not int.c
int overflow.c
literal statement.c
local func var.c
main no args.c
main with args.c
negative char.c
negative uchar.c
negative uint.c
negative ushort.c
panic.c
rename decl func.c
stdbool override.c
stdint const override.c
stdlib forward decl.c
string literal ternary.c
string to byte ptr.c
typedef alias.c
typedef bool.c
undef malloc.c
unnamed struct var.c
unused vars.c
use incomplete type.c
varargs.c
wrong func ptr.c
wstring to wchar ptr.c
