00_assignment.c
01_comment.c
02_printf.c
03_struct.c
04_for.c
05_array.c
06_case.c
07_function.c
08_while.c
09_do_while.c
13_integer_literals.c
16_nesting.c
18_include.c
38_multiple_array_index.c
41_hashif.c
44_scoped_declarations.c
64_macro_nesting.c
71_macro_empty_arg.c
81_types.c
82_attribs_position.c
84_hex-float.c
