assets/github.com/gcc-mirror/gcc/gcc/testsuite/gcc.c-torture/execute/20000112-1.c
assets/github.com/gcc-mirror/gcc/gcc/testsuite/gcc.c-torture/execute/20000121-1.c
assets/github.com/gcc-mirror/gcc/gcc/testsuite/gcc.c-torture/execute/20000205-1.c
assets/github.com/gcc-mirror/gcc/gcc/testsuite/gcc.c-torture/execute/20000223-1.c
assets/github.com/gcc-mirror/gcc/gcc/testsuite/gcc.c-torture/execute/20000224-1.c
assets/github.com/gcc-mirror/gcc/gcc/testsuite/gcc.c-torture/execute/20000225-1.c
assets/github.com/gcc-mirror/gcc/gcc/testsuite/gcc.c-torture/execute/20000227-1.c
assets/github.com/gcc-mirror/gcc/gcc/testsuite/gcc.c-torture/execute/20000313-1.c
assets/github.com/gcc-mirror/gcc/gcc/testsuite/gcc.c-torture/execute/20000314-1.c
assets/github.com/gcc-mirror/gcc/gcc/testsuite/gcc.c-torture/execute/20000314-2.c
assets/github.com/gcc-mirror/gcc/gcc/testsuite/gcc.c-torture/execute/20000402-1.c
assets/github.com/gcc-mirror/gcc/gcc/testsuite/gcc.c-torture/execute/20000403-1.c
assets/github.com/gcc-mirror/gcc/gcc/testsuite/gcc.c-torture/execute/20000412-1.c
assets/github.com/gcc-mirror/gcc/gcc/testsuite/gcc.c-torture/execute/20000412-2.c
assets/github.com/gcc-mirror/gcc/gcc/testsuite/gcc.c-torture/execute/20000412-3.c
assets/github.com/gcc-mirror/gcc/gcc/testsuite/gcc.c-torture/execute/20000412-4.c
assets/github.com/gcc-mirror/gcc/gcc/testsuite/gcc.c-torture/execute/20000412-6.c
assets/github.com/gcc-mirror/gcc/gcc/testsuite/gcc.c-torture/execute/20000422-1.c
assets/github.com/gcc-mirror/gcc/gcc/testsuite/gcc.c-torture/execute/20000503-1.c
assets/github.com/gcc-mirror/gcc/gcc/testsuite/gcc.c-torture/execute/20000511-1.c
assets/github.com/gcc-mirror/gcc/gcc/testsuite/gcc.c-torture/execute/20000523-1.c
assets/github.com/gcc-mirror/gcc/gcc/testsuite/gcc.c-torture/execute/20000528-1.c
assets/github.com/gcc-mirror/gcc/gcc/testsuite/gcc.c-torture/execute/20000605-1.c
assets/github.com/gcc-mirror/gcc/gcc/testsuite/gcc.c-torture/execute/20000605-2.c
assets/github.com/gcc-mirror/gcc/gcc/testsuite/gcc.c-torture/execute/20000622-1.c
assets/github.com/gcc-mirror/gcc/gcc/testsuite/gcc.c-torture/execute/20000706-1.c
assets/github.com/gcc-mirror/gcc/gcc/testsuite/gcc.c-torture/execute/20000706-2.c
assets/github.com/gcc-mirror/gcc/gcc/testsuite/gcc.c-torture/execute/20000706-3.c
assets/github.com/gcc-mirror/gcc/gcc/testsuite/gcc.c-torture/execute/20000706-4.c
assets/github.com/gcc-mirror/gcc/gcc/testsuite/gcc.c-torture/execute/20000706-5.c
assets/github.com/gcc-mirror/gcc/gcc/testsuite/gcc.c-torture/execute/20000715-1.c
assets/github.com/gcc-mirror/gcc/gcc/testsuite/gcc.c-torture/execute/20000715-2.c
assets/github.com/gcc-mirror/gcc/gcc/testsuite/gcc.c-torture/execute/20000717-2.c
assets/github.com/gcc-mirror/gcc/gcc/testsuite/gcc.c-torture/execute/20000717-3.c
assets/github.com/gcc-mirror/gcc/gcc/testsuite/gcc.c-torture/execute/20000731-1.c
assets/github.com/gcc-mirror/gcc/gcc/testsuite/gcc.c-torture/execute/20000731-2.c
assets/github.com/gcc-mirror/gcc/gcc/testsuite/gcc.c-torture/execute/20000801-1.c
assets/github.com/gcc-mirror/gcc/gcc/testsuite/gcc.c-torture/execute/20000801-2.c
assets/github.com/gcc-mirror/gcc/gcc/testsuite/gcc.c-torture/execute/20000808-1.c
assets/github.com/gcc-mirror/gcc/gcc/testsuite/gcc.c-torture/execute/20000818-1.c
assets/github.com/gcc-mirror/gcc/gcc/testsuite/gcc.c-torture/execute/20000819-1.c
assets/github.com/gcc-mirror/gcc/gcc/testsuite/gcc.c-torture/execute/20000910-2.c
assets/github.com/gcc-mirror/gcc/gcc/testsuite/gcc.c-torture/execute/20001009-1.c
assets/github.com/gcc-mirror/gcc/gcc/testsuite/gcc.c-torture/execute/20001011-1.c
assets/github.com/gcc-mirror/gcc/gcc/testsuite/gcc.c-torture/execute/20001017-1.c
assets/github.com/gcc-mirror/gcc/gcc/testsuite/gcc.c-torture/execute/20001017-2.c
assets/github.com/gcc-mirror/gcc/gcc/testsuite/gcc.c-torture/execute/20001027-1.c
assets/github.com/gcc-mirror/gcc/gcc/testsuite/gcc.c-torture/execute/20001031-1.c
assets/github.com/gcc-mirror/gcc/gcc/testsuite/gcc.c-torture/execute/20001101.c
assets/github.com/gcc-mirror/gcc/gcc/testsuite/gcc.c-torture/execute/20001108-1.c
assets/github.com/gcc-mirror/gcc/gcc/testsuite/gcc.c-torture/execute/20001111-1.c
assets/github.com/gcc-mirror/gcc/gcc/testsuite/gcc.c-torture/execute/20001112-1.c
assets/github.com/gcc-mirror/gcc/gcc/testsuite/gcc.c-torture/execute/20001130-1.c
assets/github.com/gcc-mirror/gcc/gcc/testsuite/gcc.c-torture/execute/20001130-2.c
assets/github.com/gcc-mirror/gcc/gcc/testsuite/gcc.c-torture/execute/20001221-1.c
assets/github.com/gcc-mirror/gcc/gcc/testsuite/gcc.c-torture/execute/20001229-1.c
assets/github.com/gcc-mirror/gcc/gcc/testsuite/gcc.c-torture/execute/20010106-1.c
assets/github.com/gcc-mirror/gcc/gcc/testsuite/gcc.c-torture/execute/20010116-1.c
assets/github.com/gcc-mirror/gcc/gcc/testsuite/gcc.c-torture/execute/20010119-1.c
assets/github.com/gcc-mirror/gcc/gcc/testsuite/gcc.c-torture/execute/20010129-1.c
assets/github.com/gcc-mirror/gcc/gcc/testsuite/gcc.c-torture/execute/20010221-1.c
assets/github.com/gcc-mirror/gcc/gcc/testsuite/gcc.c-torture/execute/20010222-1.c
assets/github.com/gcc-mirror/gcc/gcc/testsuite/gcc.c-torture/execute/20010224-1.c
assets/github.com/gcc-mirror/gcc/gcc/testsuite/gcc.c-torture/execute/20010329-1.c
assets/github.com/gcc-mirror/gcc/gcc/testsuite/gcc.c-torture/execute/20010403-1.c
assets/github.com/gcc-mirror/gcc/gcc/testsuite/gcc.c-torture/execute/20010422-1.c
assets/github.com/gcc-mirror/gcc/gcc/testsuite/gcc.c-torture/execute/20010518-1.c
assets/github.com/gcc-mirror/gcc/gcc/testsuite/gcc.c-torture/execute/20010520-1.c
assets/github.com/gcc-mirror/gcc/gcc/testsuite/gcc.c-torture/execute/20010604-1.c
assets/github.com/gcc-mirror/gcc/gcc/testsuite/gcc.c-torture/execute/20010711-1.c
assets/github.com/gcc-mirror/gcc/gcc/testsuite/gcc.c-torture/execute/20010717-1.c
assets/github.com/gcc-mirror/gcc/gcc/testsuite/gcc.c-torture/execute/20010723-1.c
assets/github.com/gcc-mirror/gcc/gcc/testsuite/gcc.c-torture/execute/20010925-1.c
assets/github.com/gcc-mirror/gcc/gcc/testsuite/gcc.c-torture/execute/20011024-1.c
assets/github.com/gcc-mirror/gcc/gcc/testsuite/gcc.c-torture/execute/20011109-2.c
assets/github.com/gcc-mirror/gcc/gcc/testsuite/gcc.c-torture/execute/20011115-1.c
assets/github.com/gcc-mirror/gcc/gcc/testsuite/gcc.c-torture/execute/20011126-1.c
assets/github.com/gcc-mirror/gcc/gcc/testsuite/gcc.c-torture/execute/20011128-1.c
assets/github.com/gcc-mirror/gcc/gcc/testsuite/gcc.c-torture/execute/20011217-1.c
assets/github.com/gcc-mirror/gcc/gcc/testsuite/gcc.c-torture/execute/20011219-1.c
assets/github.com/gcc-mirror/gcc/gcc/testsuite/gcc.c-torture/execute/20020103-1.c
assets/github.com/gcc-mirror/gcc/gcc/testsuite/gcc.c-torture/execute/20020108-1.c
assets/github.com/gcc-mirror/gcc/gcc/testsuite/gcc.c-torture/execute/20020118-1.c
assets/github.com/gcc-mirror/gcc/gcc/testsuite/gcc.c-torture/execute/20020127-1.c
assets/github.com/gcc-mirror/gcc/gcc/testsuite/gcc.c-torture/execute/20020201-1.c
assets/github.com/gcc-mirror/gcc/gcc/testsuite/gcc.c-torture/execute/20020213-1.c
assets/github.com/gcc-mirror/gcc/gcc/testsuite/gcc.c-torture/execute/20020216-1.c
assets/github.com/gcc-mirror/gcc/gcc/testsuite/gcc.c-torture/execute/20020225-1.c
assets/github.com/gcc-mirror/gcc/gcc/testsuite/gcc.c-torture/execute/20020307-1.c
assets/github.com/gcc-mirror/gcc/gcc/testsuite/gcc.c-torture/execute/20020321-1.c
assets/github.com/gcc-mirror/gcc/gcc/testsuite/gcc.c-torture/execute/20020328-1.c
assets/github.com/gcc-mirror/gcc/gcc/testsuite/gcc.c-torture/execute/20020402-1.c
assets/github.com/gcc-mirror/gcc/gcc/testsuite/gcc.c-torture/execute/20020423-1.c
assets/github.com/gcc-mirror/gcc/gcc/testsuite/gcc.c-torture/execute/20020508-2.c
assets/github.com/gcc-mirror/gcc/gcc/testsuite/gcc.c-torture/execute/20020508-3.c
assets/github.com/gcc-mirror/gcc/gcc/testsuite/gcc.c-torture/execute/20020510-1.c
assets/github.com/gcc-mirror/gcc/gcc/testsuite/gcc.c-torture/execute/20020614-1.c
assets/github.com/gcc-mirror/gcc/gcc/testsuite/gcc.c-torture/execute/20020720-1.c
assets/github.com/gcc-mirror/gcc/gcc/testsuite/gcc.c-torture/execute/20020805-1.c
assets/github.com/gcc-mirror/gcc/gcc/testsuite/gcc.c-torture/execute/20020819-1.c
assets/github.com/gcc-mirror/gcc/gcc/testsuite/gcc.c-torture/execute/20020904-1.c
assets/github.com/gcc-mirror/gcc/gcc/testsuite/gcc.c-torture/execute/20020911-1.c
assets/github.com/gcc-mirror/gcc/gcc/testsuite/gcc.c-torture/execute/20020916-1.c
assets/github.com/gcc-mirror/gcc/gcc/testsuite/gcc.c-torture/execute/20021010-1.c
assets/github.com/gcc-mirror/gcc/gcc/testsuite/gcc.c-torture/execute/20021011-1.c
assets/github.com/gcc-mirror/gcc/gcc/testsuite/gcc.c-torture/execute/20021015-1.c
assets/github.com/gcc-mirror/gcc/gcc/testsuite/gcc.c-torture/execute/20021111-1.c
assets/github.com/gcc-mirror/gcc/gcc/testsuite/gcc.c-torture/execute/20021118-2.c
assets/github.com/gcc-mirror/gcc/gcc/testsuite/gcc.c-torture/execute/20021118-3.c
assets/github.com/gcc-mirror/gcc/gcc/testsuite/gcc.c-torture/execute/20021119-1.c
assets/github.com/gcc-mirror/gcc/gcc/testsuite/gcc.c-torture/execute/20021120-2.c
assets/github.com/gcc-mirror/gcc/gcc/testsuite/gcc.c-torture/execute/20021204-1.c
assets/github.com/gcc-mirror/gcc/gcc/testsuite/gcc.c-torture/execute/20021219-1.c
assets/github.com/gcc-mirror/gcc/gcc/testsuite/gcc.c-torture/execute/20030105-1.c
assets/github.com/gcc-mirror/gcc/gcc/testsuite/gcc.c-torture/execute/20030117-1.c
assets/github.com/gcc-mirror/gcc/gcc/testsuite/gcc.c-torture/execute/20030120-1.c
assets/github.com/gcc-mirror/gcc/gcc/testsuite/gcc.c-torture/execute/20030120-2.c
assets/github.com/gcc-mirror/gcc/gcc/testsuite/gcc.c-torture/execute/20030125-1.c
assets/github.com/gcc-mirror/gcc/gcc/testsuite/gcc.c-torture/execute/20030128-1.c
assets/github.com/gcc-mirror/gcc/gcc/testsuite/gcc.c-torture/execute/20030203-1.c
assets/github.com/gcc-mirror/gcc/gcc/testsuite/gcc.c-torture/execute/20030209-1.c
assets/github.com/gcc-mirror/gcc/gcc/testsuite/gcc.c-torture/execute/20030216-1.c
assets/github.com/gcc-mirror/gcc/gcc/testsuite/gcc.c-torture/execute/20030218-1.c
assets/github.com/gcc-mirror/gcc/gcc/testsuite/gcc.c-torture/execute/20030221-1.c
assets/github.com/gcc-mirror/gcc/gcc/testsuite/gcc.c-torture/execute/20030307-1.c
assets/github.com/gcc-mirror/gcc/gcc/testsuite/gcc.c-torture/execute/20030316-1.c
assets/github.com/gcc-mirror/gcc/gcc/testsuite/gcc.c-torture/execute/20030403-1.c
assets/github.com/gcc-mirror/gcc/gcc/testsuite/gcc.c-torture/execute/20030404-1.c
assets/github.com/gcc-mirror/gcc/gcc/testsuite/gcc.c-torture/execute/20030606-1.c
assets/github.com/gcc-mirror/gcc/gcc/testsuite/gcc.c-torture/execute/20030613-1.c
assets/github.com/gcc-mirror/gcc/gcc/testsuite/gcc.c-torture/execute/20030626-1.c
assets/github.com/gcc-mirror/gcc/gcc/testsuite/gcc.c-torture/execute/20030715-1.c
assets/github.com/gcc-mirror/gcc/gcc/testsuite/gcc.c-torture/execute/20030718-1.c
assets/github.com/gcc-mirror/gcc/gcc/testsuite/gcc.c-torture/execute/20030821-1.c
assets/github.com/gcc-mirror/gcc/gcc/testsuite/gcc.c-torture/execute/20030828-1.c
assets/github.com/gcc-mirror/gcc/gcc/testsuite/gcc.c-torture/execute/20030828-2.c
assets/github.com/gcc-mirror/gcc/gcc/testsuite/gcc.c-torture/execute/20030903-1.c
assets/github.com/gcc-mirror/gcc/gcc/testsuite/gcc.c-torture/execute/20030913-1.c
assets/github.com/gcc-mirror/gcc/gcc/testsuite/gcc.c-torture/execute/20030914-2.c
assets/github.com/gcc-mirror/gcc/gcc/testsuite/gcc.c-torture/execute/20030920-1.c
assets/github.com/gcc-mirror/gcc/gcc/testsuite/gcc.c-torture/execute/20030928-1.c
assets/github.com/gcc-mirror/gcc/gcc/testsuite/gcc.c-torture/execute/20031010-1.c
assets/github.com/gcc-mirror/gcc/gcc/testsuite/gcc.c-torture/execute/20031011-1.c
assets/github.com/gcc-mirror/gcc/gcc/testsuite/gcc.c-torture/execute/20031020-1.c
assets/github.com/gcc-mirror/gcc/gcc/testsuite/gcc.c-torture/execute/20031204-1.c
assets/github.com/gcc-mirror/gcc/gcc/testsuite/gcc.c-torture/execute/20031216-1.c
assets/github.com/gcc-mirror/gcc/gcc/testsuite/gcc.c-torture/execute/20040218-1.c
assets/github.com/gcc-mirror/gcc/gcc/testsuite/gcc.c-torture/execute/20040309-1.c
assets/github.com/gcc-mirror/gcc/gcc/testsuite/gcc.c-torture/execute/20040311-1.c
assets/github.com/gcc-mirror/gcc/gcc/testsuite/gcc.c-torture/execute/20040313-1.c
assets/github.com/gcc-mirror/gcc/gcc/testsuite/gcc.c-torture/execute/20040319-1.c
assets/github.com/gcc-mirror/gcc/gcc/testsuite/gcc.c-torture/execute/20040409-1.c
assets/github.com/gcc-mirror/gcc/gcc/testsuite/gcc.c-torture/execute/20040409-1w.c
assets/github.com/gcc-mirror/gcc/gcc/testsuite/gcc.c-torture/execute/20040409-2.c
assets/github.com/gcc-mirror/gcc/gcc/testsuite/gcc.c-torture/execute/20040409-2w.c
assets/github.com/gcc-mirror/gcc/gcc/testsuite/gcc.c-torture/execute/20040409-3.c
assets/github.com/gcc-mirror/gcc/gcc/testsuite/gcc.c-torture/execute/20040409-3w.c
assets/github.com/gcc-mirror/gcc/gcc/testsuite/gcc.c-torture/execute/20040706-1.c
assets/github.com/gcc-mirror/gcc/gcc/testsuite/gcc.c-torture/execute/20040707-1.c
assets/github.com/gcc-mirror/gcc/gcc/testsuite/gcc.c-torture/execute/20040805-1.c
assets/github.com/gcc-mirror/gcc/gcc/testsuite/gcc.c-torture/execute/20040820-1.c
assets/github.com/gcc-mirror/gcc/gcc/testsuite/gcc.c-torture/execute/20040823-1.c
assets/github.com/gcc-mirror/gcc/gcc/testsuite/gcc.c-torture/execute/20040917-1.c
assets/github.com/gcc-mirror/gcc/gcc/testsuite/gcc.c-torture/execute/20041011-1.c
assets/github.com/gcc-mirror/gcc/gcc/testsuite/gcc.c-torture/execute/20041019-1.c
assets/github.com/gcc-mirror/gcc/gcc/testsuite/gcc.c-torture/execute/20041112-1.c
assets/github.com/gcc-mirror/gcc/gcc/testsuite/gcc.c-torture/execute/20041114-1.c
assets/github.com/gcc-mirror/gcc/gcc/testsuite/gcc.c-torture/execute/20041126-1.c
assets/github.com/gcc-mirror/gcc/gcc/testsuite/gcc.c-torture/execute/20041210-1.c
assets/github.com/gcc-mirror/gcc/gcc/testsuite/gcc.c-torture/execute/20041212-1.c
assets/github.com/gcc-mirror/gcc/gcc/testsuite/gcc.c-torture/execute/20041213-2.c
assets/github.com/gcc-mirror/gcc/gcc/testsuite/gcc.c-torture/execute/20050104-1.c
assets/github.com/gcc-mirror/gcc/gcc/testsuite/gcc.c-torture/execute/20050111-1.c
assets/github.com/gcc-mirror/gcc/gcc/testsuite/gcc.c-torture/execute/20050124-1.c
assets/github.com/gcc-mirror/gcc/gcc/testsuite/gcc.c-torture/execute/20050125-1.c
assets/github.com/gcc-mirror/gcc/gcc/testsuite/gcc.c-torture/execute/20050131-1.c
assets/github.com/gcc-mirror/gcc/gcc/testsuite/gcc.c-torture/execute/20050215-1.c
assets/github.com/gcc-mirror/gcc/gcc/testsuite/gcc.c-torture/execute/20050224-1.c
assets/github.com/gcc-mirror/gcc/gcc/testsuite/gcc.c-torture/execute/20050410-1.c
assets/github.com/gcc-mirror/gcc/gcc/testsuite/gcc.c-torture/execute/20050502-2.c
assets/github.com/gcc-mirror/gcc/gcc/testsuite/gcc.c-torture/execute/20050826-2.c
assets/github.com/gcc-mirror/gcc/gcc/testsuite/gcc.c-torture/execute/20051021-1.c
assets/github.com/gcc-mirror/gcc/gcc/testsuite/gcc.c-torture/execute/20051104-1.c
assets/github.com/gcc-mirror/gcc/gcc/testsuite/gcc.c-torture/execute/20051110-1.c
assets/github.com/gcc-mirror/gcc/gcc/testsuite/gcc.c-torture/execute/20051215-1.c
assets/github.com/gcc-mirror/gcc/gcc/testsuite/gcc.c-torture/execute/20060102-1.c
assets/github.com/gcc-mirror/gcc/gcc/testsuite/gcc.c-torture/execute/20060127-1.c
assets/github.com/gcc-mirror/gcc/gcc/testsuite/gcc.c-torture/execute/20060412-1.c
assets/github.com/gcc-mirror/gcc/gcc/testsuite/gcc.c-torture/execute/20060905-1.c
assets/github.com/gcc-mirror/gcc/gcc/testsuite/gcc.c-torture/execute/20060929-1.c
assets/github.com/gcc-mirror/gcc/gcc/testsuite/gcc.c-torture/execute/20060930-1.c
assets/github.com/gcc-mirror/gcc/gcc/testsuite/gcc.c-torture/execute/20061101-1.c
assets/github.com/gcc-mirror/gcc/gcc/testsuite/gcc.c-torture/execute/20061101-2.c
assets/github.com/gcc-mirror/gcc/gcc/testsuite/gcc.c-torture/execute/20070201-1.c
assets/github.com/gcc-mirror/gcc/gcc/testsuite/gcc.c-torture/execute/20070212-2.c
assets/github.com/gcc-mirror/gcc/gcc/testsuite/gcc.c-torture/execute/20070517-1.c
assets/github.com/gcc-mirror/gcc/gcc/testsuite/gcc.c-torture/execute/20070623-1.c
assets/github.com/gcc-mirror/gcc/gcc/testsuite/gcc.c-torture/execute/20070724-1.c
assets/github.com/gcc-mirror/gcc/gcc/testsuite/gcc.c-torture/execute/20071011-1.c
assets/github.com/gcc-mirror/gcc/gcc/testsuite/gcc.c-torture/execute/20071018-1.c
assets/github.com/gcc-mirror/gcc/gcc/testsuite/gcc.c-torture/execute/20071108-1.c
assets/github.com/gcc-mirror/gcc/gcc/testsuite/gcc.c-torture/execute/20071205-1.c
assets/github.com/gcc-mirror/gcc/gcc/testsuite/gcc.c-torture/execute/20071216-1.c
assets/github.com/gcc-mirror/gcc/gcc/testsuite/gcc.c-torture/execute/20080408-1.c
assets/github.com/gcc-mirror/gcc/gcc/testsuite/gcc.c-torture/execute/20080506-2.c
assets/github.com/gcc-mirror/gcc/gcc/testsuite/gcc.c-torture/execute/20080522-1.c
assets/github.com/gcc-mirror/gcc/gcc/testsuite/gcc.c-torture/execute/20080604-1.c
assets/github.com/gcc-mirror/gcc/gcc/testsuite/gcc.c-torture/execute/20080813-1.c
assets/github.com/gcc-mirror/gcc/gcc/testsuite/gcc.c-torture/execute/20081112-1.c
assets/github.com/gcc-mirror/gcc/gcc/testsuite/gcc.c-torture/execute/20081218-1.c
assets/github.com/gcc-mirror/gcc/gcc/testsuite/gcc.c-torture/execute/20090207-1.c
assets/github.com/gcc-mirror/gcc/gcc/testsuite/gcc.c-torture/execute/20090623-1.c
assets/github.com/gcc-mirror/gcc/gcc/testsuite/gcc.c-torture/execute/20090711-1.c
assets/github.com/gcc-mirror/gcc/gcc/testsuite/gcc.c-torture/execute/20090814-1.c
assets/github.com/gcc-mirror/gcc/gcc/testsuite/gcc.c-torture/execute/20091229-1.c
assets/github.com/gcc-mirror/gcc/gcc/testsuite/gcc.c-torture/execute/20100209-1.c
assets/github.com/gcc-mirror/gcc/gcc/testsuite/gcc.c-torture/execute/20100805-1.c
assets/github.com/gcc-mirror/gcc/gcc/testsuite/gcc.c-torture/execute/20101013-1.c
assets/github.com/gcc-mirror/gcc/gcc/testsuite/gcc.c-torture/execute/20101025-1.c
assets/github.com/gcc-mirror/gcc/gcc/testsuite/gcc.c-torture/execute/20110418-1.c
assets/github.com/gcc-mirror/gcc/gcc/testsuite/gcc.c-torture/execute/20111212-1.c
assets/github.com/gcc-mirror/gcc/gcc/testsuite/gcc.c-torture/execute/20111227-1.c
assets/github.com/gcc-mirror/gcc/gcc/testsuite/gcc.c-torture/execute/20120105-1.c
assets/github.com/gcc-mirror/gcc/gcc/testsuite/gcc.c-torture/execute/20120207-1.c
assets/github.com/gcc-mirror/gcc/gcc/testsuite/gcc.c-torture/execute/20120615-1.c
assets/github.com/gcc-mirror/gcc/gcc/testsuite/gcc.c-torture/execute/20120808-1.c
assets/github.com/gcc-mirror/gcc/gcc/testsuite/gcc.c-torture/execute/20120817-1.c
assets/github.com/gcc-mirror/gcc/gcc/testsuite/gcc.c-torture/execute/20140212-2.c
assets/github.com/gcc-mirror/gcc/gcc/testsuite/gcc.c-torture/execute/20140326-1.c
assets/github.com/gcc-mirror/gcc/gcc/testsuite/gcc.c-torture/execute/20140425-1.c
assets/github.com/gcc-mirror/gcc/gcc/testsuite/gcc.c-torture/execute/20140622-1.c
assets/github.com/gcc-mirror/gcc/gcc/testsuite/gcc.c-torture/execute/20140828-1.c
assets/github.com/gcc-mirror/gcc/gcc/testsuite/gcc.c-torture/execute/20141125-1.c
assets/github.com/gcc-mirror/gcc/gcc/testsuite/gcc.c-torture/execute/20150611-1.c
assets/github.com/gcc-mirror/gcc/gcc/testsuite/gcc.c-torture/execute/20170419-1.c
assets/github.com/gcc-mirror/gcc/gcc/testsuite/gcc.c-torture/execute/20180112-1.c
assets/github.com/gcc-mirror/gcc/gcc/testsuite/gcc.c-torture/execute/900409-1.c
assets/github.com/gcc-mirror/gcc/gcc/testsuite/gcc.c-torture/execute/920202-1.c
assets/github.com/gcc-mirror/gcc/gcc/testsuite/gcc.c-torture/execute/920409-1.c
assets/github.com/gcc-mirror/gcc/gcc/testsuite/gcc.c-torture/execute/920410-1.c
assets/github.com/gcc-mirror/gcc/gcc/testsuite/gcc.c-torture/execute/920428-1.c
assets/github.com/gcc-mirror/gcc/gcc/testsuite/gcc.c-torture/execute/920429-1.c
assets/github.com/gcc-mirror/gcc/gcc/testsuite/gcc.c-torture/execute/920501-2.c
assets/github.com/gcc-mirror/gcc/gcc/testsuite/gcc.c-torture/execute/920501-9.c
assets/github.com/gcc-mirror/gcc/gcc/testsuite/gcc.c-torture/execute/920506-1.c
assets/github.com/gcc-mirror/gcc/gcc/testsuite/gcc.c-torture/execute/920520-1.c
assets/github.com/gcc-mirror/gcc/gcc/testsuite/gcc.c-torture/execute/920603-1.c
assets/github.com/gcc-mirror/gcc/gcc/testsuite/gcc.c-torture/execute/920604-1.c
assets/github.com/gcc-mirror/gcc/gcc/testsuite/gcc.c-torture/execute/920612-1.c
assets/github.com/gcc-mirror/gcc/gcc/testsuite/gcc.c-torture/execute/920618-1.c
assets/github.com/gcc-mirror/gcc/gcc/testsuite/gcc.c-torture/execute/920710-1.c
assets/github.com/gcc-mirror/gcc/gcc/testsuite/gcc.c-torture/execute/920711-1.c
assets/github.com/gcc-mirror/gcc/gcc/testsuite/gcc.c-torture/execute/920721-1.c
assets/github.com/gcc-mirror/gcc/gcc/testsuite/gcc.c-torture/execute/920721-3.c
assets/github.com/gcc-mirror/gcc/gcc/testsuite/gcc.c-torture/execute/920810-1.c
assets/github.com/gcc-mirror/gcc/gcc/testsuite/gcc.c-torture/execute/920812-1.c
assets/github.com/gcc-mirror/gcc/gcc/testsuite/gcc.c-torture/execute/920829-1.c
assets/github.com/gcc-mirror/gcc/gcc/testsuite/gcc.c-torture/execute/920908-2.c
assets/github.com/gcc-mirror/gcc/gcc/testsuite/gcc.c-torture/execute/920909-1.c
assets/github.com/gcc-mirror/gcc/gcc/testsuite/gcc.c-torture/execute/920922-1.c
assets/github.com/gcc-mirror/gcc/gcc/testsuite/gcc.c-torture/execute/921006-1.c
assets/github.com/gcc-mirror/gcc/gcc/testsuite/gcc.c-torture/execute/921007-1.c
assets/github.com/gcc-mirror/gcc/gcc/testsuite/gcc.c-torture/execute/921013-1.c
assets/github.com/gcc-mirror/gcc/gcc/testsuite/gcc.c-torture/execute/921019-2.c
assets/github.com/gcc-mirror/gcc/gcc/testsuite/gcc.c-torture/execute/921029-1.c
assets/github.com/gcc-mirror/gcc/gcc/testsuite/gcc.c-torture/execute/921104-1.c
assets/github.com/gcc-mirror/gcc/gcc/testsuite/gcc.c-torture/execute/921110-1.c
assets/github.com/gcc-mirror/gcc/gcc/testsuite/gcc.c-torture/execute/921117-1.c
assets/github.com/gcc-mirror/gcc/gcc/testsuite/gcc.c-torture/execute/921123-1.c
assets/github.com/gcc-mirror/gcc/gcc/testsuite/gcc.c-torture/execute/921123-2.c
assets/github.com/gcc-mirror/gcc/gcc/testsuite/gcc.c-torture/execute/921124-1.c
assets/github.com/gcc-mirror/gcc/gcc/testsuite/gcc.c-torture/execute/921202-2.c
assets/github.com/gcc-mirror/gcc/gcc/testsuite/gcc.c-torture/execute/921207-1.c
assets/github.com/gcc-mirror/gcc/gcc/testsuite/gcc.c-torture/execute/921208-1.c
assets/github.com/gcc-mirror/gcc/gcc/testsuite/gcc.c-torture/execute/921218-2.c
assets/github.com/gcc-mirror/gcc/gcc/testsuite/gcc.c-torture/execute/930106-1.c
assets/github.com/gcc-mirror/gcc/gcc/testsuite/gcc.c-torture/execute/930123-1.c
assets/github.com/gcc-mirror/gcc/gcc/testsuite/gcc.c-torture/execute/930126-1.c
assets/github.com/gcc-mirror/gcc/gcc/testsuite/gcc.c-torture/execute/930408-1.c
assets/github.com/gcc-mirror/gcc/gcc/testsuite/gcc.c-torture/execute/930429-1.c
assets/github.com/gcc-mirror/gcc/gcc/testsuite/gcc.c-torture/execute/930429-2.c
assets/github.com/gcc-mirror/gcc/gcc/testsuite/gcc.c-torture/execute/930513-1.c
assets/github.com/gcc-mirror/gcc/gcc/testsuite/gcc.c-torture/execute/930513-2.c
assets/github.com/gcc-mirror/gcc/gcc/testsuite/gcc.c-torture/execute/930518-1.c
assets/github.com/gcc-mirror/gcc/gcc/testsuite/gcc.c-torture/execute/930603-2.c
assets/github.com/gcc-mirror/gcc/gcc/testsuite/gcc.c-torture/execute/930603-3.c
assets/github.com/gcc-mirror/gcc/gcc/testsuite/gcc.c-torture/execute/930608-1.c
assets/github.com/gcc-mirror/gcc/gcc/testsuite/gcc.c-torture/execute/930614-1.c
assets/github.com/gcc-mirror/gcc/gcc/testsuite/gcc.c-torture/execute/930614-2.c
assets/github.com/gcc-mirror/gcc/gcc/testsuite/gcc.c-torture/execute/930621-1.c
assets/github.com/gcc-mirror/gcc/gcc/testsuite/gcc.c-torture/execute/930622-1.c
assets/github.com/gcc-mirror/gcc/gcc/testsuite/gcc.c-torture/execute/930622-2.c
assets/github.com/gcc-mirror/gcc/gcc/testsuite/gcc.c-torture/execute/930630-1.c
assets/github.com/gcc-mirror/gcc/gcc/testsuite/gcc.c-torture/execute/930702-1.c
assets/github.com/gcc-mirror/gcc/gcc/testsuite/gcc.c-torture/execute/930713-1.c
assets/github.com/gcc-mirror/gcc/gcc/testsuite/gcc.c-torture/execute/930725-1.c
assets/github.com/gcc-mirror/gcc/gcc/testsuite/gcc.c-torture/execute/930818-1.c
assets/github.com/gcc-mirror/gcc/gcc/testsuite/gcc.c-torture/execute/930916-1.c
assets/github.com/gcc-mirror/gcc/gcc/testsuite/gcc.c-torture/execute/930921-1.c
assets/github.com/gcc-mirror/gcc/gcc/testsuite/gcc.c-torture/execute/930929-1.c
assets/github.com/gcc-mirror/gcc/gcc/testsuite/gcc.c-torture/execute/931004-1.c
assets/github.com/gcc-mirror/gcc/gcc/testsuite/gcc.c-torture/execute/931004-11.c
assets/github.com/gcc-mirror/gcc/gcc/testsuite/gcc.c-torture/execute/931004-13.c
assets/github.com/gcc-mirror/gcc/gcc/testsuite/gcc.c-torture/execute/931004-3.c
assets/github.com/gcc-mirror/gcc/gcc/testsuite/gcc.c-torture/execute/931004-5.c
assets/github.com/gcc-mirror/gcc/gcc/testsuite/gcc.c-torture/execute/931004-7.c
assets/github.com/gcc-mirror/gcc/gcc/testsuite/gcc.c-torture/execute/931004-9.c
assets/github.com/gcc-mirror/gcc/gcc/testsuite/gcc.c-torture/execute/931005-1.c
assets/github.com/gcc-mirror/gcc/gcc/testsuite/gcc.c-torture/execute/931009-1.c
assets/github.com/gcc-mirror/gcc/gcc/testsuite/gcc.c-torture/execute/931012-1.c
assets/github.com/gcc-mirror/gcc/gcc/testsuite/gcc.c-torture/execute/931017-1.c
assets/github.com/gcc-mirror/gcc/gcc/testsuite/gcc.c-torture/execute/931018-1.c
assets/github.com/gcc-mirror/gcc/gcc/testsuite/gcc.c-torture/execute/931031-1.c
assets/github.com/gcc-mirror/gcc/gcc/testsuite/gcc.c-torture/execute/931110-1.c
assets/github.com/gcc-mirror/gcc/gcc/testsuite/gcc.c-torture/execute/931110-2.c
assets/github.com/gcc-mirror/gcc/gcc/testsuite/gcc.c-torture/execute/931208-1.c
assets/github.com/gcc-mirror/gcc/gcc/testsuite/gcc.c-torture/execute/931228-1.c
assets/github.com/gcc-mirror/gcc/gcc/testsuite/gcc.c-torture/execute/940115-1.c
assets/github.com/gcc-mirror/gcc/gcc/testsuite/gcc.c-torture/execute/940122-1.c
assets/github.com/gcc-mirror/gcc/gcc/testsuite/gcc.c-torture/execute/941014-2.c
assets/github.com/gcc-mirror/gcc/gcc/testsuite/gcc.c-torture/execute/941015-1.c
assets/github.com/gcc-mirror/gcc/gcc/testsuite/gcc.c-torture/execute/941021-1.c
assets/github.com/gcc-mirror/gcc/gcc/testsuite/gcc.c-torture/execute/941025-1.c
assets/github.com/gcc-mirror/gcc/gcc/testsuite/gcc.c-torture/execute/941031-1.c
assets/github.com/gcc-mirror/gcc/gcc/testsuite/gcc.c-torture/execute/941101-1.c
assets/github.com/gcc-mirror/gcc/gcc/testsuite/gcc.c-torture/execute/950322-1.c
assets/github.com/gcc-mirror/gcc/gcc/testsuite/gcc.c-torture/execute/950426-2.c
assets/github.com/gcc-mirror/gcc/gcc/testsuite/gcc.c-torture/execute/950503-1.c
assets/github.com/gcc-mirror/gcc/gcc/testsuite/gcc.c-torture/execute/950511-1.c
assets/github.com/gcc-mirror/gcc/gcc/testsuite/gcc.c-torture/execute/950605-1.c
assets/github.com/gcc-mirror/gcc/gcc/testsuite/gcc.c-torture/execute/950607-1.c
assets/github.com/gcc-mirror/gcc/gcc/testsuite/gcc.c-torture/execute/950607-2.c
assets/github.com/gcc-mirror/gcc/gcc/testsuite/gcc.c-torture/execute/950612-1.c
assets/github.com/gcc-mirror/gcc/gcc/testsuite/gcc.c-torture/execute/950621-1.c
assets/github.com/gcc-mirror/gcc/gcc/testsuite/gcc.c-torture/execute/950704-1.c
assets/github.com/gcc-mirror/gcc/gcc/testsuite/gcc.c-torture/execute/950706-1.c
assets/github.com/gcc-mirror/gcc/gcc/testsuite/gcc.c-torture/execute/950915-1.c
assets/github.com/gcc-mirror/gcc/gcc/testsuite/gcc.c-torture/execute/950929-1.c
assets/github.com/gcc-mirror/gcc/gcc/testsuite/gcc.c-torture/execute/951003-1.c
assets/github.com/gcc-mirror/gcc/gcc/testsuite/gcc.c-torture/execute/951115-1.c
assets/github.com/gcc-mirror/gcc/gcc/testsuite/gcc.c-torture/execute/951204-1.c
assets/github.com/gcc-mirror/gcc/gcc/testsuite/gcc.c-torture/execute/960116-1.c
assets/github.com/gcc-mirror/gcc/gcc/testsuite/gcc.c-torture/execute/960218-1.c
assets/github.com/gcc-mirror/gcc/gcc/testsuite/gcc.c-torture/execute/960219-1.c
assets/github.com/gcc-mirror/gcc/gcc/testsuite/gcc.c-torture/execute/960301-1.c
assets/github.com/gcc-mirror/gcc/gcc/testsuite/gcc.c-torture/execute/960311-1.c
assets/github.com/gcc-mirror/gcc/gcc/testsuite/gcc.c-torture/execute/960311-2.c
assets/github.com/gcc-mirror/gcc/gcc/testsuite/gcc.c-torture/execute/960311-3.c
assets/github.com/gcc-mirror/gcc/gcc/testsuite/gcc.c-torture/execute/960321-1.c
assets/github.com/gcc-mirror/gcc/gcc/testsuite/gcc.c-torture/execute/960327-1.c
assets/github.com/gcc-mirror/gcc/gcc/testsuite/gcc.c-torture/execute/960402-1.c
assets/github.com/gcc-mirror/gcc/gcc/testsuite/gcc.c-torture/execute/960419-1.c
assets/github.com/gcc-mirror/gcc/gcc/testsuite/gcc.c-torture/execute/960419-2.c
assets/github.com/gcc-mirror/gcc/gcc/testsuite/gcc.c-torture/execute/960521-1.c
assets/github.com/gcc-mirror/gcc/gcc/testsuite/gcc.c-torture/execute/960608-1.c
assets/github.com/gcc-mirror/gcc/gcc/testsuite/gcc.c-torture/execute/960801-1.c
assets/github.com/gcc-mirror/gcc/gcc/testsuite/gcc.c-torture/execute/960802-1.c
assets/github.com/gcc-mirror/gcc/gcc/testsuite/gcc.c-torture/execute/960830-1.c
assets/github.com/gcc-mirror/gcc/gcc/testsuite/gcc.c-torture/execute/961004-1.c
assets/github.com/gcc-mirror/gcc/gcc/testsuite/gcc.c-torture/execute/961017-1.c
assets/github.com/gcc-mirror/gcc/gcc/testsuite/gcc.c-torture/execute/961017-2.c
assets/github.com/gcc-mirror/gcc/gcc/testsuite/gcc.c-torture/execute/961026-1.c
assets/github.com/gcc-mirror/gcc/gcc/testsuite/gcc.c-torture/execute/961112-1.c
assets/github.com/gcc-mirror/gcc/gcc/testsuite/gcc.c-torture/execute/961122-1.c
assets/github.com/gcc-mirror/gcc/gcc/testsuite/gcc.c-torture/execute/961122-2.c
assets/github.com/gcc-mirror/gcc/gcc/testsuite/gcc.c-torture/execute/961206-1.c
assets/github.com/gcc-mirror/gcc/gcc/testsuite/gcc.c-torture/execute/970923-1.c
assets/github.com/gcc-mirror/gcc/gcc/testsuite/gcc.c-torture/execute/980424-1.c
assets/github.com/gcc-mirror/gcc/gcc/testsuite/gcc.c-torture/execute/980505-1.c
assets/github.com/gcc-mirror/gcc/gcc/testsuite/gcc.c-torture/execute/980505-2.c
assets/github.com/gcc-mirror/gcc/gcc/testsuite/gcc.c-torture/execute/980506-2.c
assets/github.com/gcc-mirror/gcc/gcc/testsuite/gcc.c-torture/execute/980526-2.c
assets/github.com/gcc-mirror/gcc/gcc/testsuite/gcc.c-torture/execute/980526-3.c
assets/github.com/gcc-mirror/gcc/gcc/testsuite/gcc.c-torture/execute/980602-1.c
assets/github.com/gcc-mirror/gcc/gcc/testsuite/gcc.c-torture/execute/980602-2.c
assets/github.com/gcc-mirror/gcc/gcc/testsuite/gcc.c-torture/execute/980604-1.c
assets/github.com/gcc-mirror/gcc/gcc/testsuite/gcc.c-torture/execute/980605-1.c
assets/github.com/gcc-mirror/gcc/gcc/testsuite/gcc.c-torture/execute/980617-1.c
assets/github.com/gcc-mirror/gcc/gcc/testsuite/gcc.c-torture/execute/980701-1.c
assets/github.com/gcc-mirror/gcc/gcc/testsuite/gcc.c-torture/execute/981001-1.c
assets/github.com/gcc-mirror/gcc/gcc/testsuite/gcc.c-torture/execute/981019-1.c
assets/github.com/gcc-mirror/gcc/gcc/testsuite/gcc.c-torture/execute/981206-1.c
assets/github.com/gcc-mirror/gcc/gcc/testsuite/gcc.c-torture/execute/990106-1.c
assets/github.com/gcc-mirror/gcc/gcc/testsuite/gcc.c-torture/execute/990117-1.c
assets/github.com/gcc-mirror/gcc/gcc/testsuite/gcc.c-torture/execute/990127-1.c
assets/github.com/gcc-mirror/gcc/gcc/testsuite/gcc.c-torture/execute/990127-2.c
assets/github.com/gcc-mirror/gcc/gcc/testsuite/gcc.c-torture/execute/990128-1.c
assets/github.com/gcc-mirror/gcc/gcc/testsuite/gcc.c-torture/execute/990211-1.c
assets/github.com/gcc-mirror/gcc/gcc/testsuite/gcc.c-torture/execute/990324-1.c
assets/github.com/gcc-mirror/gcc/gcc/testsuite/gcc.c-torture/execute/990404-1.c
assets/github.com/gcc-mirror/gcc/gcc/testsuite/gcc.c-torture/execute/990513-1.c
assets/github.com/gcc-mirror/gcc/gcc/testsuite/gcc.c-torture/execute/990525-2.c
assets/github.com/gcc-mirror/gcc/gcc/testsuite/gcc.c-torture/execute/990527-1.c
assets/github.com/gcc-mirror/gcc/gcc/testsuite/gcc.c-torture/execute/990604-1.c
assets/github.com/gcc-mirror/gcc/gcc/testsuite/gcc.c-torture/execute/990628-1.c
assets/github.com/gcc-mirror/gcc/gcc/testsuite/gcc.c-torture/execute/990804-1.c
assets/github.com/gcc-mirror/gcc/gcc/testsuite/gcc.c-torture/execute/990811-1.c
assets/github.com/gcc-mirror/gcc/gcc/testsuite/gcc.c-torture/execute/990826-0.c
assets/github.com/gcc-mirror/gcc/gcc/testsuite/gcc.c-torture/execute/990827-1.c
assets/github.com/gcc-mirror/gcc/gcc/testsuite/gcc.c-torture/execute/990829-1.c
assets/github.com/gcc-mirror/gcc/gcc/testsuite/gcc.c-torture/execute/990923-1.c
assets/github.com/gcc-mirror/gcc/gcc/testsuite/gcc.c-torture/execute/991016-1.c
assets/github.com/gcc-mirror/gcc/gcc/testsuite/gcc.c-torture/execute/991019-1.c
assets/github.com/gcc-mirror/gcc/gcc/testsuite/gcc.c-torture/execute/991023-1.c
assets/github.com/gcc-mirror/gcc/gcc/testsuite/gcc.c-torture/execute/991030-1.c
assets/github.com/gcc-mirror/gcc/gcc/testsuite/gcc.c-torture/execute/991112-1.c
assets/github.com/gcc-mirror/gcc/gcc/testsuite/gcc.c-torture/execute/991202-1.c
assets/github.com/gcc-mirror/gcc/gcc/testsuite/gcc.c-torture/execute/991202-2.c
assets/github.com/gcc-mirror/gcc/gcc/testsuite/gcc.c-torture/execute/991202-3.c
assets/github.com/gcc-mirror/gcc/gcc/testsuite/gcc.c-torture/execute/991216-1.c
assets/github.com/gcc-mirror/gcc/gcc/testsuite/gcc.c-torture/execute/991216-4.c
assets/github.com/gcc-mirror/gcc/gcc/testsuite/gcc.c-torture/execute/991221-1.c
assets/github.com/gcc-mirror/gcc/gcc/testsuite/gcc.c-torture/execute/991227-1.c
assets/github.com/gcc-mirror/gcc/gcc/testsuite/gcc.c-torture/execute/alias-1.c
assets/github.com/gcc-mirror/gcc/gcc/testsuite/gcc.c-torture/execute/align-1.c
assets/github.com/gcc-mirror/gcc/gcc/testsuite/gcc.c-torture/execute/arith-1.c
assets/github.com/gcc-mirror/gcc/gcc/testsuite/gcc.c-torture/execute/ashldi-1.c
assets/github.com/gcc-mirror/gcc/gcc/testsuite/gcc.c-torture/execute/ashrdi-1.c
assets/github.com/gcc-mirror/gcc/gcc/testsuite/gcc.c-torture/execute/bf-pack-1.c
assets/github.com/gcc-mirror/gcc/gcc/testsuite/gcc.c-torture/execute/bitfld-2.c
assets/github.com/gcc-mirror/gcc/gcc/testsuite/gcc.c-torture/execute/cmpdi-1.c
assets/github.com/gcc-mirror/gcc/gcc/testsuite/gcc.c-torture/execute/cmpsf-1.c
assets/github.com/gcc-mirror/gcc/gcc/testsuite/gcc.c-torture/execute/cmpsi-1.c
assets/github.com/gcc-mirror/gcc/gcc/testsuite/gcc.c-torture/execute/cmpsi-2.c
assets/github.com/gcc-mirror/gcc/gcc/testsuite/gcc.c-torture/execute/compare-1.c
assets/github.com/gcc-mirror/gcc/gcc/testsuite/gcc.c-torture/execute/compare-2.c
assets/github.com/gcc-mirror/gcc/gcc/testsuite/gcc.c-torture/execute/compare-3.c
assets/github.com/gcc-mirror/gcc/gcc/testsuite/gcc.c-torture/execute/conversion.c
assets/github.com/gcc-mirror/gcc/gcc/testsuite/gcc.c-torture/execute/cvt-1.c
assets/github.com/gcc-mirror/gcc/gcc/testsuite/gcc.c-torture/execute/dbra-1.c
assets/github.com/gcc-mirror/gcc/gcc/testsuite/gcc.c-torture/execute/divcmp-1.c
assets/github.com/gcc-mirror/gcc/gcc/testsuite/gcc.c-torture/execute/divcmp-2.c
assets/github.com/gcc-mirror/gcc/gcc/testsuite/gcc.c-torture/execute/divcmp-3.c
assets/github.com/gcc-mirror/gcc/gcc/testsuite/gcc.c-torture/execute/divcmp-4.c
assets/github.com/gcc-mirror/gcc/gcc/testsuite/gcc.c-torture/execute/divcmp-5.c
assets/github.com/gcc-mirror/gcc/gcc/testsuite/gcc.c-torture/execute/divconst-1.c
assets/github.com/gcc-mirror/gcc/gcc/testsuite/gcc.c-torture/execute/divconst-3.c
assets/github.com/gcc-mirror/gcc/gcc/testsuite/gcc.c-torture/execute/divmod-1.c
assets/github.com/gcc-mirror/gcc/gcc/testsuite/gcc.c-torture/execute/doloop-1.c
assets/github.com/gcc-mirror/gcc/gcc/testsuite/gcc.c-torture/execute/doloop-2.c
assets/github.com/gcc-mirror/gcc/gcc/testsuite/gcc.c-torture/execute/enum-1.c
assets/github.com/gcc-mirror/gcc/gcc/testsuite/gcc.c-torture/execute/enum-2.c
assets/github.com/gcc-mirror/gcc/gcc/testsuite/gcc.c-torture/execute/extzvsi.c
assets/github.com/gcc-mirror/gcc/gcc/testsuite/gcc.c-torture/execute/floatunsisf-1.c
assets/github.com/gcc-mirror/gcc/gcc/testsuite/gcc.c-torture/execute/fprintf-1.c
assets/github.com/gcc-mirror/gcc/gcc/testsuite/gcc.c-torture/execute/func-ptr-1.c
assets/github.com/gcc-mirror/gcc/gcc/testsuite/gcc.c-torture/execute/gofast.c
assets/github.com/gcc-mirror/gcc/gcc/testsuite/gcc.c-torture/execute/ieee/20001122-1.c
assets/github.com/gcc-mirror/gcc/gcc/testsuite/gcc.c-torture/execute/ieee/20010114-2.c
assets/github.com/gcc-mirror/gcc/gcc/testsuite/gcc.c-torture/execute/ieee/20011123-1.c
assets/github.com/gcc-mirror/gcc/gcc/testsuite/gcc.c-torture/execute/ieee/20030331-1.c
assets/github.com/gcc-mirror/gcc/gcc/testsuite/gcc.c-torture/execute/ieee/920518-1.c
assets/github.com/gcc-mirror/gcc/gcc/testsuite/gcc.c-torture/execute/ieee/920810-1.c
assets/github.com/gcc-mirror/gcc/gcc/testsuite/gcc.c-torture/execute/ieee/980619-1.c
assets/github.com/gcc-mirror/gcc/gcc/testsuite/gcc.c-torture/execute/ieee/acc1.c
assets/github.com/gcc-mirror/gcc/gcc/testsuite/gcc.c-torture/execute/ieee/compare-fp-2.c
assets/github.com/gcc-mirror/gcc/gcc/testsuite/gcc.c-torture/execute/ieee/compare-fp-3.c
assets/github.com/gcc-mirror/gcc/gcc/testsuite/gcc.c-torture/execute/ieee/compare-fp-4.c
assets/github.com/gcc-mirror/gcc/gcc/testsuite/gcc.c-torture/execute/ieee/fp-cmp-4e.c
assets/github.com/gcc-mirror/gcc/gcc/testsuite/gcc.c-torture/execute/ieee/fp-cmp-8e.c
assets/github.com/gcc-mirror/gcc/gcc/testsuite/gcc.c-torture/execute/ieee/mzero3.c
assets/github.com/gcc-mirror/gcc/gcc/testsuite/gcc.c-torture/execute/ieee/pr28634.c
assets/github.com/gcc-mirror/gcc/gcc/testsuite/gcc.c-torture/execute/ieee/pr67218.c
assets/github.com/gcc-mirror/gcc/gcc/testsuite/gcc.c-torture/execute/ieee/rbug.c
assets/github.com/gcc-mirror/gcc/gcc/testsuite/gcc.c-torture/execute/ifcvt-onecmpl-abs-1.c
assets/github.com/gcc-mirror/gcc/gcc/testsuite/gcc.c-torture/execute/index-1.c
assets/github.com/gcc-mirror/gcc/gcc/testsuite/gcc.c-torture/execute/inst-check.c
assets/github.com/gcc-mirror/gcc/gcc/testsuite/gcc.c-torture/execute/int-compare.c
assets/github.com/gcc-mirror/gcc/gcc/testsuite/gcc.c-torture/execute/loop-1.c
assets/github.com/gcc-mirror/gcc/gcc/testsuite/gcc.c-torture/execute/loop-10.c
assets/github.com/gcc-mirror/gcc/gcc/testsuite/gcc.c-torture/execute/loop-11.c
assets/github.com/gcc-mirror/gcc/gcc/testsuite/gcc.c-torture/execute/loop-12.c
assets/github.com/gcc-mirror/gcc/gcc/testsuite/gcc.c-torture/execute/loop-2.c
assets/github.com/gcc-mirror/gcc/gcc/testsuite/gcc.c-torture/execute/loop-2b.c
assets/github.com/gcc-mirror/gcc/gcc/testsuite/gcc.c-torture/execute/loop-2f.c
assets/github.com/gcc-mirror/gcc/gcc/testsuite/gcc.c-torture/execute/loop-2g.c
assets/github.com/gcc-mirror/gcc/gcc/testsuite/gcc.c-torture/execute/loop-3.c
assets/github.com/gcc-mirror/gcc/gcc/testsuite/gcc.c-torture/execute/loop-3b.c
assets/github.com/gcc-mirror/gcc/gcc/testsuite/gcc.c-torture/execute/loop-3c.c
assets/github.com/gcc-mirror/gcc/gcc/testsuite/gcc.c-torture/execute/loop-4.c
assets/github.com/gcc-mirror/gcc/gcc/testsuite/gcc.c-torture/execute/loop-4b.c
assets/github.com/gcc-mirror/gcc/gcc/testsuite/gcc.c-torture/execute/loop-5.c
assets/github.com/gcc-mirror/gcc/gcc/testsuite/gcc.c-torture/execute/loop-6.c
assets/github.com/gcc-mirror/gcc/gcc/testsuite/gcc.c-torture/execute/loop-7.c
assets/github.com/gcc-mirror/gcc/gcc/testsuite/gcc.c-torture/execute/loop-ivopts-1.c
assets/github.com/gcc-mirror/gcc/gcc/testsuite/gcc.c-torture/execute/loop-ivopts-2.c
assets/github.com/gcc-mirror/gcc/gcc/testsuite/gcc.c-torture/execute/lshrdi-1.c
assets/github.com/gcc-mirror/gcc/gcc/testsuite/gcc.c-torture/execute/mayalias-1.c
assets/github.com/gcc-mirror/gcc/gcc/testsuite/gcc.c-torture/execute/mayalias-2.c
assets/github.com/gcc-mirror/gcc/gcc/testsuite/gcc.c-torture/execute/mod-1.c
assets/github.com/gcc-mirror/gcc/gcc/testsuite/gcc.c-torture/execute/multdi-1.c
assets/github.com/gcc-mirror/gcc/gcc/testsuite/gcc.c-torture/execute/nestfunc-4.c
assets/github.com/gcc-mirror/gcc/gcc/testsuite/gcc.c-torture/execute/packed-1.c
assets/github.com/gcc-mirror/gcc/gcc/testsuite/gcc.c-torture/execute/packed-2.c
assets/github.com/gcc-mirror/gcc/gcc/testsuite/gcc.c-torture/execute/pending-4.c
assets/github.com/gcc-mirror/gcc/gcc/testsuite/gcc.c-torture/execute/pr15262-2.c
assets/github.com/gcc-mirror/gcc/gcc/testsuite/gcc.c-torture/execute/pr16790-1.c
assets/github.com/gcc-mirror/gcc/gcc/testsuite/gcc.c-torture/execute/pr17252.c
assets/github.com/gcc-mirror/gcc/gcc/testsuite/gcc.c-torture/execute/pr19005.c
assets/github.com/gcc-mirror/gcc/gcc/testsuite/gcc.c-torture/execute/pr19606.c
assets/github.com/gcc-mirror/gcc/gcc/testsuite/gcc.c-torture/execute/pr19689.c
assets/github.com/gcc-mirror/gcc/gcc/testsuite/gcc.c-torture/execute/pr20100-1.c
assets/github.com/gcc-mirror/gcc/gcc/testsuite/gcc.c-torture/execute/pr20187-1.c
assets/github.com/gcc-mirror/gcc/gcc/testsuite/gcc.c-torture/execute/pr20466-1.c
assets/github.com/gcc-mirror/gcc/gcc/testsuite/gcc.c-torture/execute/pr20527-1.c
assets/github.com/gcc-mirror/gcc/gcc/testsuite/gcc.c-torture/execute/pr20621-1.c
assets/github.com/gcc-mirror/gcc/gcc/testsuite/gcc.c-torture/execute/pr21331.c
assets/github.com/gcc-mirror/gcc/gcc/testsuite/gcc.c-torture/execute/pr21964-1.c
assets/github.com/gcc-mirror/gcc/gcc/testsuite/gcc.c-torture/execute/pr22348.c
assets/github.com/gcc-mirror/gcc/gcc/testsuite/gcc.c-torture/execute/pr22429.c
assets/github.com/gcc-mirror/gcc/gcc/testsuite/gcc.c-torture/execute/pr22630.c
assets/github.com/gcc-mirror/gcc/gcc/testsuite/gcc.c-torture/execute/pr23604.c
assets/github.com/gcc-mirror/gcc/gcc/testsuite/gcc.c-torture/execute/pr23941.c
assets/github.com/gcc-mirror/gcc/gcc/testsuite/gcc.c-torture/execute/pr24141.c
assets/github.com/gcc-mirror/gcc/gcc/testsuite/gcc.c-torture/execute/pr24142.c
assets/github.com/gcc-mirror/gcc/gcc/testsuite/gcc.c-torture/execute/pr25125.c
assets/github.com/gcc-mirror/gcc/gcc/testsuite/gcc.c-torture/execute/pr25737.c
assets/github.com/gcc-mirror/gcc/gcc/testsuite/gcc.c-torture/execute/pr27073.c
assets/github.com/gcc-mirror/gcc/gcc/testsuite/gcc.c-torture/execute/pr27260.c
assets/github.com/gcc-mirror/gcc/gcc/testsuite/gcc.c-torture/execute/pr27364.c
assets/github.com/gcc-mirror/gcc/gcc/testsuite/gcc.c-torture/execute/pr27671-1.c
assets/github.com/gcc-mirror/gcc/gcc/testsuite/gcc.c-torture/execute/pr28403.c
assets/github.com/gcc-mirror/gcc/gcc/testsuite/gcc.c-torture/execute/pr28778.c
assets/github.com/gcc-mirror/gcc/gcc/testsuite/gcc.c-torture/execute/pr29695-1.c
assets/github.com/gcc-mirror/gcc/gcc/testsuite/gcc.c-torture/execute/pr29695-2.c
assets/github.com/gcc-mirror/gcc/gcc/testsuite/gcc.c-torture/execute/pr29797-1.c
assets/github.com/gcc-mirror/gcc/gcc/testsuite/gcc.c-torture/execute/pr29797-2.c
assets/github.com/gcc-mirror/gcc/gcc/testsuite/gcc.c-torture/execute/pr29798.c
assets/github.com/gcc-mirror/gcc/gcc/testsuite/gcc.c-torture/execute/pr31072.c
assets/github.com/gcc-mirror/gcc/gcc/testsuite/gcc.c-torture/execute/pr31169.c
assets/github.com/gcc-mirror/gcc/gcc/testsuite/gcc.c-torture/execute/pr31605.c
assets/github.com/gcc-mirror/gcc/gcc/testsuite/gcc.c-torture/execute/pr32244-1.c
assets/github.com/gcc-mirror/gcc/gcc/testsuite/gcc.c-torture/execute/pr33142.c
assets/github.com/gcc-mirror/gcc/gcc/testsuite/gcc.c-torture/execute/pr33669.c
assets/github.com/gcc-mirror/gcc/gcc/testsuite/gcc.c-torture/execute/pr33779-1.c
assets/github.com/gcc-mirror/gcc/gcc/testsuite/gcc.c-torture/execute/pr33779-2.c
assets/github.com/gcc-mirror/gcc/gcc/testsuite/gcc.c-torture/execute/pr33870.c
assets/github.com/gcc-mirror/gcc/gcc/testsuite/gcc.c-torture/execute/pr33992.c
assets/github.com/gcc-mirror/gcc/gcc/testsuite/gcc.c-torture/execute/pr34070-1.c
assets/github.com/gcc-mirror/gcc/gcc/testsuite/gcc.c-torture/execute/pr34070-2.c
assets/github.com/gcc-mirror/gcc/gcc/testsuite/gcc.c-torture/execute/pr34099-2.c
assets/github.com/gcc-mirror/gcc/gcc/testsuite/gcc.c-torture/execute/pr34099.c
assets/github.com/gcc-mirror/gcc/gcc/testsuite/gcc.c-torture/execute/pr34130.c
assets/github.com/gcc-mirror/gcc/gcc/testsuite/gcc.c-torture/execute/pr34415.c
assets/github.com/gcc-mirror/gcc/gcc/testsuite/gcc.c-torture/execute/pr34982.c
assets/github.com/gcc-mirror/gcc/gcc/testsuite/gcc.c-torture/execute/pr35163.c
assets/github.com/gcc-mirror/gcc/gcc/testsuite/gcc.c-torture/execute/pr35231.c
assets/github.com/gcc-mirror/gcc/gcc/testsuite/gcc.c-torture/execute/pr35390.c
assets/github.com/gcc-mirror/gcc/gcc/testsuite/gcc.c-torture/execute/pr35800.c
assets/github.com/gcc-mirror/gcc/gcc/testsuite/gcc.c-torture/execute/pr36034-2.c
assets/github.com/gcc-mirror/gcc/gcc/testsuite/gcc.c-torture/execute/pr36077.c
assets/github.com/gcc-mirror/gcc/gcc/testsuite/gcc.c-torture/execute/pr36339.c
assets/github.com/gcc-mirror/gcc/gcc/testsuite/gcc.c-torture/execute/pr36343.c
assets/github.com/gcc-mirror/gcc/gcc/testsuite/gcc.c-torture/execute/pr36691.c
assets/github.com/gcc-mirror/gcc/gcc/testsuite/gcc.c-torture/execute/pr36765.c
assets/github.com/gcc-mirror/gcc/gcc/testsuite/gcc.c-torture/execute/pr37102.c
assets/github.com/gcc-mirror/gcc/gcc/testsuite/gcc.c-torture/execute/pr37125.c
assets/github.com/gcc-mirror/gcc/gcc/testsuite/gcc.c-torture/execute/pr37882.c
assets/github.com/gcc-mirror/gcc/gcc/testsuite/gcc.c-torture/execute/pr37931.c
assets/github.com/gcc-mirror/gcc/gcc/testsuite/gcc.c-torture/execute/pr38048-1.c
assets/github.com/gcc-mirror/gcc/gcc/testsuite/gcc.c-torture/execute/pr38212.c
assets/github.com/gcc-mirror/gcc/gcc/testsuite/gcc.c-torture/execute/pr38236.c
assets/github.com/gcc-mirror/gcc/gcc/testsuite/gcc.c-torture/execute/pr38422.c
assets/github.com/gcc-mirror/gcc/gcc/testsuite/gcc.c-torture/execute/pr38819.c
assets/github.com/gcc-mirror/gcc/gcc/testsuite/gcc.c-torture/execute/pr39120.c
assets/github.com/gcc-mirror/gcc/gcc/testsuite/gcc.c-torture/execute/pr39233.c
assets/github.com/gcc-mirror/gcc/gcc/testsuite/gcc.c-torture/execute/pr39240.c
assets/github.com/gcc-mirror/gcc/gcc/testsuite/gcc.c-torture/execute/pr39501.c
assets/github.com/gcc-mirror/gcc/gcc/testsuite/gcc.c-torture/execute/pr40057.c
assets/github.com/gcc-mirror/gcc/gcc/testsuite/gcc.c-torture/execute/pr40386.c
assets/github.com/gcc-mirror/gcc/gcc/testsuite/gcc.c-torture/execute/pr40404.c
assets/github.com/gcc-mirror/gcc/gcc/testsuite/gcc.c-torture/execute/pr40579.c
assets/github.com/gcc-mirror/gcc/gcc/testsuite/gcc.c-torture/execute/pr40668.c
assets/github.com/gcc-mirror/gcc/gcc/testsuite/gcc.c-torture/execute/pr40747.c
assets/github.com/gcc-mirror/gcc/gcc/testsuite/gcc.c-torture/execute/pr41317.c
assets/github.com/gcc-mirror/gcc/gcc/testsuite/gcc.c-torture/execute/pr41750.c
assets/github.com/gcc-mirror/gcc/gcc/testsuite/gcc.c-torture/execute/pr41917.c
assets/github.com/gcc-mirror/gcc/gcc/testsuite/gcc.c-torture/execute/pr42006.c
assets/github.com/gcc-mirror/gcc/gcc/testsuite/gcc.c-torture/execute/pr42142.c
assets/github.com/gcc-mirror/gcc/gcc/testsuite/gcc.c-torture/execute/pr42154.c
assets/github.com/gcc-mirror/gcc/gcc/testsuite/gcc.c-torture/execute/pr42231.c
assets/github.com/gcc-mirror/gcc/gcc/testsuite/gcc.c-torture/execute/pr42269-2.c
assets/github.com/gcc-mirror/gcc/gcc/testsuite/gcc.c-torture/execute/pr42512.c
assets/github.com/gcc-mirror/gcc/gcc/testsuite/gcc.c-torture/execute/pr42544.c
assets/github.com/gcc-mirror/gcc/gcc/testsuite/gcc.c-torture/execute/pr42570.c
assets/github.com/gcc-mirror/gcc/gcc/testsuite/gcc.c-torture/execute/pr42721.c
assets/github.com/gcc-mirror/gcc/gcc/testsuite/gcc.c-torture/execute/pr43008.c
assets/github.com/gcc-mirror/gcc/gcc/testsuite/gcc.c-torture/execute/pr43438.c
assets/github.com/gcc-mirror/gcc/gcc/testsuite/gcc.c-torture/execute/pr43629.c
assets/github.com/gcc-mirror/gcc/gcc/testsuite/gcc.c-torture/execute/pr44202-1.c
assets/github.com/gcc-mirror/gcc/gcc/testsuite/gcc.c-torture/execute/pr44828.c
assets/github.com/gcc-mirror/gcc/gcc/testsuite/gcc.c-torture/execute/pr44858.c
assets/github.com/gcc-mirror/gcc/gcc/testsuite/gcc.c-torture/execute/pr45262.c
assets/github.com/gcc-mirror/gcc/gcc/testsuite/gcc.c-torture/execute/pr46019.c
assets/github.com/gcc-mirror/gcc/gcc/testsuite/gcc.c-torture/execute/pr46316.c
assets/github.com/gcc-mirror/gcc/gcc/testsuite/gcc.c-torture/execute/pr46909-1.c
assets/github.com/gcc-mirror/gcc/gcc/testsuite/gcc.c-torture/execute/pr46909-2.c
assets/github.com/gcc-mirror/gcc/gcc/testsuite/gcc.c-torture/execute/pr47299.c
assets/github.com/gcc-mirror/gcc/gcc/testsuite/gcc.c-torture/execute/pr47538.c
assets/github.com/gcc-mirror/gcc/gcc/testsuite/gcc.c-torture/execute/pr48197.c
assets/github.com/gcc-mirror/gcc/gcc/testsuite/gcc.c-torture/execute/pr48717.c
assets/github.com/gcc-mirror/gcc/gcc/testsuite/gcc.c-torture/execute/pr48814-1.c
assets/github.com/gcc-mirror/gcc/gcc/testsuite/gcc.c-torture/execute/pr48814-2.c
assets/github.com/gcc-mirror/gcc/gcc/testsuite/gcc.c-torture/execute/pr49039.c
assets/github.com/gcc-mirror/gcc/gcc/testsuite/gcc.c-torture/execute/pr49186.c
assets/github.com/gcc-mirror/gcc/gcc/testsuite/gcc.c-torture/execute/pr49281.c
assets/github.com/gcc-mirror/gcc/gcc/testsuite/gcc.c-torture/execute/pr49712.c
assets/github.com/gcc-mirror/gcc/gcc/testsuite/gcc.c-torture/execute/pr50865.c
assets/github.com/gcc-mirror/gcc/gcc/testsuite/gcc.c-torture/execute/pr51023.c
assets/github.com/gcc-mirror/gcc/gcc/testsuite/gcc.c-torture/execute/pr51323.c
assets/github.com/gcc-mirror/gcc/gcc/testsuite/gcc.c-torture/execute/pr51466.c
assets/github.com/gcc-mirror/gcc/gcc/testsuite/gcc.c-torture/execute/pr52209.c
assets/github.com/gcc-mirror/gcc/gcc/testsuite/gcc.c-torture/execute/pr53084.c
assets/github.com/gcc-mirror/gcc/gcc/testsuite/gcc.c-torture/execute/pr53465.c
assets/github.com/gcc-mirror/gcc/gcc/testsuite/gcc.c-torture/execute/pr54937.c
assets/github.com/gcc-mirror/gcc/gcc/testsuite/gcc.c-torture/execute/pr55137.c
assets/github.com/gcc-mirror/gcc/gcc/testsuite/gcc.c-torture/execute/pr55875.c
assets/github.com/gcc-mirror/gcc/gcc/testsuite/gcc.c-torture/execute/pr56051.c
assets/github.com/gcc-mirror/gcc/gcc/testsuite/gcc.c-torture/execute/pr56250.c
assets/github.com/gcc-mirror/gcc/gcc/testsuite/gcc.c-torture/execute/pr56799.c
assets/github.com/gcc-mirror/gcc/gcc/testsuite/gcc.c-torture/execute/pr56899.c
assets/github.com/gcc-mirror/gcc/gcc/testsuite/gcc.c-torture/execute/pr57124.c
assets/github.com/gcc-mirror/gcc/gcc/testsuite/gcc.c-torture/execute/pr57131.c
assets/github.com/gcc-mirror/gcc/gcc/testsuite/gcc.c-torture/execute/pr57144.c
assets/github.com/gcc-mirror/gcc/gcc/testsuite/gcc.c-torture/execute/pr57321.c
assets/github.com/gcc-mirror/gcc/gcc/testsuite/gcc.c-torture/execute/pr57829.c
assets/github.com/gcc-mirror/gcc/gcc/testsuite/gcc.c-torture/execute/pr57860.c
assets/github.com/gcc-mirror/gcc/gcc/testsuite/gcc.c-torture/execute/pr58209.c
assets/github.com/gcc-mirror/gcc/gcc/testsuite/gcc.c-torture/execute/pr58364.c
assets/github.com/gcc-mirror/gcc/gcc/testsuite/gcc.c-torture/execute/pr58365.c
assets/github.com/gcc-mirror/gcc/gcc/testsuite/gcc.c-torture/execute/pr58387.c
assets/github.com/gcc-mirror/gcc/gcc/testsuite/gcc.c-torture/execute/pr58570.c
assets/github.com/gcc-mirror/gcc/gcc/testsuite/gcc.c-torture/execute/pr58574.c
assets/github.com/gcc-mirror/gcc/gcc/testsuite/gcc.c-torture/execute/pr58640-2.c
assets/github.com/gcc-mirror/gcc/gcc/testsuite/gcc.c-torture/execute/pr58640.c
assets/github.com/gcc-mirror/gcc/gcc/testsuite/gcc.c-torture/execute/pr58943.c
assets/github.com/gcc-mirror/gcc/gcc/testsuite/gcc.c-torture/execute/pr59014-2.c
assets/github.com/gcc-mirror/gcc/gcc/testsuite/gcc.c-torture/execute/pr59014.c
assets/github.com/gcc-mirror/gcc/gcc/testsuite/gcc.c-torture/execute/pr59101.c
assets/github.com/gcc-mirror/gcc/gcc/testsuite/gcc.c-torture/execute/pr59358.c
assets/github.com/gcc-mirror/gcc/gcc/testsuite/gcc.c-torture/execute/pr59387.c
assets/github.com/gcc-mirror/gcc/gcc/testsuite/gcc.c-torture/execute/pr59388.c
assets/github.com/gcc-mirror/gcc/gcc/testsuite/gcc.c-torture/execute/pr59413.c
assets/github.com/gcc-mirror/gcc/gcc/testsuite/gcc.c-torture/execute/pr59643.c
assets/github.com/gcc-mirror/gcc/gcc/testsuite/gcc.c-torture/execute/pr59747.c
assets/github.com/gcc-mirror/gcc/gcc/testsuite/gcc.c-torture/execute/pr60062.c
assets/github.com/gcc-mirror/gcc/gcc/testsuite/gcc.c-torture/execute/pr60072.c
assets/github.com/gcc-mirror/gcc/gcc/testsuite/gcc.c-torture/execute/pr60454.c
assets/github.com/gcc-mirror/gcc/gcc/testsuite/gcc.c-torture/execute/pr60822.c
assets/github.com/gcc-mirror/gcc/gcc/testsuite/gcc.c-torture/execute/pr61306-1.c
assets/github.com/gcc-mirror/gcc/gcc/testsuite/gcc.c-torture/execute/pr61306-2.c
assets/github.com/gcc-mirror/gcc/gcc/testsuite/gcc.c-torture/execute/pr61306-3.c
assets/github.com/gcc-mirror/gcc/gcc/testsuite/gcc.c-torture/execute/pr61517.c
assets/github.com/gcc-mirror/gcc/gcc/testsuite/gcc.c-torture/execute/pr61673.c
assets/github.com/gcc-mirror/gcc/gcc/testsuite/gcc.c-torture/execute/pr61682.c
assets/github.com/gcc-mirror/gcc/gcc/testsuite/gcc.c-torture/execute/pr63209.c
assets/github.com/gcc-mirror/gcc/gcc/testsuite/gcc.c-torture/execute/pr64255.c
assets/github.com/gcc-mirror/gcc/gcc/testsuite/gcc.c-torture/execute/pr64260.c
assets/github.com/gcc-mirror/gcc/gcc/testsuite/gcc.c-torture/execute/pr64682.c
assets/github.com/gcc-mirror/gcc/gcc/testsuite/gcc.c-torture/execute/pr64718.c
assets/github.com/gcc-mirror/gcc/gcc/testsuite/gcc.c-torture/execute/pr64957.c
assets/github.com/gcc-mirror/gcc/gcc/testsuite/gcc.c-torture/execute/pr65215-1.c
assets/github.com/gcc-mirror/gcc/gcc/testsuite/gcc.c-torture/execute/pr65215-2.c
assets/github.com/gcc-mirror/gcc/gcc/testsuite/gcc.c-torture/execute/pr65215-4.c
assets/github.com/gcc-mirror/gcc/gcc/testsuite/gcc.c-torture/execute/pr65216.c
assets/github.com/gcc-mirror/gcc/gcc/testsuite/gcc.c-torture/execute/pr65418-1.c
assets/github.com/gcc-mirror/gcc/gcc/testsuite/gcc.c-torture/execute/pr65418-2.c
assets/github.com/gcc-mirror/gcc/gcc/testsuite/gcc.c-torture/execute/pr66187.c
assets/github.com/gcc-mirror/gcc/gcc/testsuite/gcc.c-torture/execute/pr66233.c
assets/github.com/gcc-mirror/gcc/gcc/testsuite/gcc.c-torture/execute/pr66757.c
assets/github.com/gcc-mirror/gcc/gcc/testsuite/gcc.c-torture/execute/pr66940.c
assets/github.com/gcc-mirror/gcc/gcc/testsuite/gcc.c-torture/execute/pr67929_1.c
assets/github.com/gcc-mirror/gcc/gcc/testsuite/gcc.c-torture/execute/pr68376-1.c
assets/github.com/gcc-mirror/gcc/gcc/testsuite/gcc.c-torture/execute/pr68376-2.c
assets/github.com/gcc-mirror/gcc/gcc/testsuite/gcc.c-torture/execute/pr68390.c
assets/github.com/gcc-mirror/gcc/gcc/testsuite/gcc.c-torture/execute/pr68624.c
assets/github.com/gcc-mirror/gcc/gcc/testsuite/gcc.c-torture/execute/pr68648.c
assets/github.com/gcc-mirror/gcc/gcc/testsuite/gcc.c-torture/execute/pr68841.c
assets/github.com/gcc-mirror/gcc/gcc/testsuite/gcc.c-torture/execute/pr69097-1.c
assets/github.com/gcc-mirror/gcc/gcc/testsuite/gcc.c-torture/execute/pr69097-2.c
assets/github.com/gcc-mirror/gcc/gcc/testsuite/gcc.c-torture/execute/pr69320-1.c
assets/github.com/gcc-mirror/gcc/gcc/testsuite/gcc.c-torture/execute/pr69403.c
assets/github.com/gcc-mirror/gcc/gcc/testsuite/gcc.c-torture/execute/pr69447.c
assets/github.com/gcc-mirror/gcc/gcc/testsuite/gcc.c-torture/execute/pr70222-1.c
assets/github.com/gcc-mirror/gcc/gcc/testsuite/gcc.c-torture/execute/pr70222-2.c
assets/github.com/gcc-mirror/gcc/gcc/testsuite/gcc.c-torture/execute/pr70429.c
assets/github.com/gcc-mirror/gcc/gcc/testsuite/gcc.c-torture/execute/pr70566.c
assets/github.com/gcc-mirror/gcc/gcc/testsuite/gcc.c-torture/execute/pr71083.c
assets/github.com/gcc-mirror/gcc/gcc/testsuite/gcc.c-torture/execute/pr71335.c
assets/github.com/gcc-mirror/gcc/gcc/testsuite/gcc.c-torture/execute/pr71631.c
assets/github.com/gcc-mirror/gcc/gcc/testsuite/gcc.c-torture/execute/pr7284-1.c
assets/github.com/gcc-mirror/gcc/gcc/testsuite/gcc.c-torture/execute/pr78378.c
assets/github.com/gcc-mirror/gcc/gcc/testsuite/gcc.c-torture/execute/pr78436.c
assets/github.com/gcc-mirror/gcc/gcc/testsuite/gcc.c-torture/execute/pr78617.c
assets/github.com/gcc-mirror/gcc/gcc/testsuite/gcc.c-torture/execute/pr78720.c
assets/github.com/gcc-mirror/gcc/gcc/testsuite/gcc.c-torture/execute/pr78791.c
assets/github.com/gcc-mirror/gcc/gcc/testsuite/gcc.c-torture/execute/pr79043.c
assets/github.com/gcc-mirror/gcc/gcc/testsuite/gcc.c-torture/execute/pr79121.c
assets/github.com/gcc-mirror/gcc/gcc/testsuite/gcc.c-torture/execute/pr79388.c
assets/github.com/gcc-mirror/gcc/gcc/testsuite/gcc.c-torture/execute/pr79450.c
assets/github.com/gcc-mirror/gcc/gcc/testsuite/gcc.c-torture/execute/pr80501.c
assets/github.com/gcc-mirror/gcc/gcc/testsuite/gcc.c-torture/execute/pr81281.c
assets/github.com/gcc-mirror/gcc/gcc/testsuite/gcc.c-torture/execute/pr81503.c
assets/github.com/gcc-mirror/gcc/gcc/testsuite/gcc.c-torture/execute/pr81913.c
assets/github.com/gcc-mirror/gcc/gcc/testsuite/gcc.c-torture/execute/pr82192.c
assets/github.com/gcc-mirror/gcc/gcc/testsuite/gcc.c-torture/execute/pr83269.c
assets/github.com/gcc-mirror/gcc/gcc/testsuite/gcc.c-torture/execute/pr83298.c
assets/github.com/gcc-mirror/gcc/gcc/testsuite/gcc.c-torture/execute/pr83477.c
assets/github.com/gcc-mirror/gcc/gcc/testsuite/gcc.c-torture/execute/pr85529-2.c
assets/github.com/gcc-mirror/gcc/gcc/testsuite/gcc.c-torture/execute/pr86231.c
assets/github.com/gcc-mirror/gcc/gcc/testsuite/gcc.c-torture/execute/pr86659-1.c
assets/github.com/gcc-mirror/gcc/gcc/testsuite/gcc.c-torture/execute/pr86659-2.c
assets/github.com/gcc-mirror/gcc/gcc/testsuite/gcc.c-torture/execute/pr86844.c
assets/github.com/gcc-mirror/gcc/gcc/testsuite/gcc.c-torture/execute/pr87290.c
assets/github.com/gcc-mirror/gcc/gcc/testsuite/gcc.c-torture/execute/pr89634.c
assets/github.com/gcc-mirror/gcc/gcc/testsuite/gcc.c-torture/execute/pr92140.c
assets/github.com/gcc-mirror/gcc/gcc/testsuite/gcc.c-torture/execute/pr93582.c
assets/github.com/gcc-mirror/gcc/gcc/testsuite/gcc.c-torture/execute/pr93744-2.c
assets/github.com/gcc-mirror/gcc/gcc/testsuite/gcc.c-torture/execute/pr93744-3.c
assets/github.com/gcc-mirror/gcc/gcc/testsuite/gcc.c-torture/execute/pr94134.c
assets/github.com/gcc-mirror/gcc/gcc/testsuite/gcc.c-torture/execute/pr94567.c
assets/github.com/gcc-mirror/gcc/gcc/testsuite/gcc.c-torture/execute/pr95731.c
assets/github.com/gcc-mirror/gcc/gcc/testsuite/gcc.c-torture/execute/pr97386-1.c
assets/github.com/gcc-mirror/gcc/gcc/testsuite/gcc.c-torture/execute/pr97386-2.c
assets/github.com/gcc-mirror/gcc/gcc/testsuite/gcc.c-torture/execute/pr97421-2.c
assets/github.com/gcc-mirror/gcc/gcc/testsuite/gcc.c-torture/execute/pr97421-3.c
assets/github.com/gcc-mirror/gcc/gcc/testsuite/gcc.c-torture/execute/pr97695.c
assets/github.com/gcc-mirror/gcc/gcc/testsuite/gcc.c-torture/execute/pr97836.c
assets/github.com/gcc-mirror/gcc/gcc/testsuite/gcc.c-torture/execute/pr97888-1.c
assets/github.com/gcc-mirror/gcc/gcc/testsuite/gcc.c-torture/execute/pr97888-2.c
assets/github.com/gcc-mirror/gcc/gcc/testsuite/gcc.c-torture/execute/pr98681.c
assets/github.com/gcc-mirror/gcc/gcc/testsuite/gcc.c-torture/execute/pr98727.c
assets/github.com/gcc-mirror/gcc/gcc/testsuite/gcc.c-torture/execute/pr98736.c
assets/github.com/gcc-mirror/gcc/gcc/testsuite/gcc.c-torture/execute/pr98853-2.c
assets/github.com/gcc-mirror/gcc/gcc/testsuite/gcc.c-torture/execute/pr99079.c
assets/github.com/gcc-mirror/gcc/gcc/testsuite/gcc.c-torture/execute/pr99751.c
assets/github.com/gcc-mirror/gcc/gcc/testsuite/gcc.c-torture/execute/printf-1.c
assets/github.com/gcc-mirror/gcc/gcc/testsuite/gcc.c-torture/execute/pta-field-1.c
assets/github.com/gcc-mirror/gcc/gcc/testsuite/gcc.c-torture/execute/pta-field-2.c
assets/github.com/gcc-mirror/gcc/gcc/testsuite/gcc.c-torture/execute/pure-1.c
assets/github.com/gcc-mirror/gcc/gcc/testsuite/gcc.c-torture/execute/shiftdi-2.c
assets/github.com/gcc-mirror/gcc/gcc/testsuite/gcc.c-torture/execute/shiftdi.c
assets/github.com/gcc-mirror/gcc/gcc/testsuite/gcc.c-torture/execute/shiftopt-1.c
assets/github.com/gcc-mirror/gcc/gcc/testsuite/gcc.c-torture/execute/strct-pack-1.c
assets/github.com/gcc-mirror/gcc/gcc/testsuite/gcc.c-torture/execute/strct-pack-4.c
assets/github.com/gcc-mirror/gcc/gcc/testsuite/gcc.c-torture/execute/struct-cpy-1.c
assets/github.com/gcc-mirror/gcc/gcc/testsuite/gcc.c-torture/execute/struct-ret-2.c
assets/github.com/gcc-mirror/gcc/gcc/testsuite/gcc.c-torture/execute/switch-1.c
assets/github.com/gcc-mirror/gcc/gcc/testsuite/gcc.c-torture/execute/tstdi-1.c
assets/github.com/gcc-mirror/gcc/gcc/testsuite/gcc.c-torture/execute/usmul.c
assets/github.com/gcc-mirror/gcc/gcc/testsuite/gcc.c-torture/execute/vrp-4.c
assets/github.com/gcc-mirror/gcc/gcc/testsuite/gcc.c-torture/execute/vrp-7.c
assets/tcc-0.9.27/tests/tests2/00_assignment.c
assets/tcc-0.9.27/tests/tests2/01_comment.c
assets/tcc-0.9.27/tests/tests2/02_printf.c
assets/tcc-0.9.27/tests/tests2/03_struct.c
assets/tcc-0.9.27/tests/tests2/04_for.c
assets/tcc-0.9.27/tests/tests2/05_array.c
assets/tcc-0.9.27/tests/tests2/06_case.c
assets/tcc-0.9.27/tests/tests2/07_function.c
assets/tcc-0.9.27/tests/tests2/08_while.c
assets/tcc-0.9.27/tests/tests2/09_do_while.c
assets/tcc-0.9.27/tests/tests2/10_pointer.c
assets/tcc-0.9.27/tests/tests2/11_precedence.c
assets/tcc-0.9.27/tests/tests2/12_hashdefine.c
assets/tcc-0.9.27/tests/tests2/13_integer_literals.c
assets/tcc-0.9.27/tests/tests2/14_if.c
assets/tcc-0.9.27/tests/tests2/15_recursion.c
assets/tcc-0.9.27/tests/tests2/16_nesting.c
assets/tcc-0.9.27/tests/tests2/17_enum.c
assets/tcc-0.9.27/tests/tests2/19_pointer_arithmetic.c
assets/tcc-0.9.27/tests/tests2/20_pointer_comparison.c
assets/tcc-0.9.27/tests/tests2/21_char_array.c
assets/tcc-0.9.27/tests/tests2/22_floating_point.c
assets/tcc-0.9.27/tests/tests2/23_type_coercion.c
assets/tcc-0.9.27/tests/tests2/24_math_library.c
assets/tcc-0.9.27/tests/tests2/25_quicksort.c
assets/tcc-0.9.27/tests/tests2/26_character_constants.c
assets/tcc-0.9.27/tests/tests2/27_sizeof.c
assets/tcc-0.9.27/tests/tests2/28_strings.c
assets/tcc-0.9.27/tests/tests2/29_array_address.c
assets/tcc-0.9.27/tests/tests2/30_hanoi.c
assets/tcc-0.9.27/tests/tests2/31_args.c
assets/tcc-0.9.27/tests/tests2/32_led.c
assets/tcc-0.9.27/tests/tests2/33_ternary_op.c
assets/tcc-0.9.27/tests/tests2/35_sizeof.c
assets/tcc-0.9.27/tests/tests2/36_array_initialisers.c
assets/tcc-0.9.27/tests/tests2/37_sprintf.c
assets/tcc-0.9.27/tests/tests2/38_multiple_array_index.c
assets/tcc-0.9.27/tests/tests2/39_typedef.c
assets/tcc-0.9.27/tests/tests2/40_stdio.c
assets/tcc-0.9.27/tests/tests2/41_hashif.c
assets/tcc-0.9.27/tests/tests2/42_function_pointer.c
assets/tcc-0.9.27/tests/tests2/43_void_param.c
assets/tcc-0.9.27/tests/tests2/44_scoped_declarations.c
assets/tcc-0.9.27/tests/tests2/45_empty_for.c
assets/tcc-0.9.27/tests/tests2/47_switch_return.c
assets/tcc-0.9.27/tests/tests2/48_nested_break.c
assets/tcc-0.9.27/tests/tests2/49_bracket_evaluation.c
assets/tcc-0.9.27/tests/tests2/50_logical_second_arg.c
assets/tcc-0.9.27/tests/tests2/51_static.c
assets/tcc-0.9.27/tests/tests2/52_unnamed_enum.c
assets/tcc-0.9.27/tests/tests2/70_floating_point_literals.c
assets/tcc-0.9.27/tests/tests2/72_long_long_constant.c
assets/tcc-0.9.27/tests/tests2/82_attribs_position.c
assets/tcc-0.9.27/tests/tests2/83_utf8_in_identifiers.c
assets/tcc-0.9.27/tests/tests2/86_memory-model.c
assets/tcc-0.9.27/tests/tests2/91_ptr_longlong_arith32.c
